{"Mint":{"amount":"1000000","owner":{"Account":["3fpkgmKcGDKGgsDhUQEBAQXbFZJQw97JmbuhzmvujYuG1sQxtV"]},"token_id":""}}
