{"data":"","to":{"Account":["3fpkgmKcGDKGgsDhUQEBAQXbFZJQw97JmbuhzmvujYuG1sQxtV"]}}
