00fffa722d840687699743e5f1a1ad86113d0404115661ab09a3611bffc1bdaabe0000
