00FFFA722D840687699743E5F1A1AD86113D0404115661AB09A3611BFFC1BDAABE0000